// Jest Snapshot v1, https://goo.gl/fbAQLP

exports[`importFolder snapshot spec folder with diograph.json returns imported folder diograph 1`] = `
Object {
  "diograph": Object {
    "103f852d-4a2a-44de-8f4f-08ccddc3d280": Object {
      "created": "2016-06-04T10:32:12Z",
      "data": Array [
        Object {
          "@context": "https://schema.org",
          "@type": "ImageObject",
          "contentUrl": "diory-demo-content/Scouts BSA International/PIXNIO-53541-1782x1188.jpeg",
          "encodingFormat": "image/jpeg",
          "height": 1188,
          "width": 1782,
        },
      ],
      "date": "2013-06-25T23:11:49.000Z",
      "id": "103f852d-4a2a-44de-8f4f-08ccddc3d280",
      "image": "diory-demo-content/Scouts BSA International/PIXNIO-53541-1782x1188.jpeg",
      "modified": "2021-02-25T12:27:27.706Z",
    },
    "32df7219-a33c-4bc9-bdc0-f24470292871": Object {
      "created": "2021-04-15T12:14:40.319Z",
      "data": Array [
        Object {
          "@context": "https://schema.org",
          "@type": "AudioObject",
          "contentUrl": "diory-demo-content/Generic content/some-audio.m4a",
          "encodingFormat": "audio/x-m4a",
        },
      ],
      "id": "32df7219-a33c-4bc9-bdc0-f24470292871",
      "image": "data:image/png;base64,iVBORw0KGgoAAAANSUhEUgAAAAEAAAABCAYAAAAfFcSJAAAADUlEQVR42mN8GmnyHwAGEAJzBJT/2AAAAABJRU5ErkJggg==",
      "modified": "2021-04-15T12:14:40.383Z",
      "text": "A beautiful sonate",
    },
    "3cc529e5-7d52-4519-83fb-9d0c1aff76e4": Object {
      "created": "2016-06-04T10:32:12Z",
      "data": Array [
        Object {
          "@context": "https://schema.org",
          "@type": "ImageObject",
          "contentUrl": "diory-demo-content/Scouts BSA International/PIXNIO-54454-6138x4092.jpeg",
          "encodingFormat": "image/jpeg",
          "height": 4092,
          "width": 6138,
        },
      ],
      "date": "2013-06-25T14:19:12.000Z",
      "id": "3cc529e5-7d52-4519-83fb-9d0c1aff76e4",
      "image": "diory-demo-content/Scouts BSA International/PIXNIO-54454-6138x4092.jpeg",
      "modified": "2021-02-25T12:27:28.085Z",
    },
    "3e2ddc49-b3b6-4212-8a0a-80b9150a57ae": Object {
      "created": "2020-05-17T16:03:52.473Z",
      "id": "3e2ddc49-b3b6-4212-8a0a-80b9150a57ae",
      "image": "diory-demo-content/Jane/PIXNIO-12656-2816x2112.jpeg",
      "links": Object {
        "PIXNIO-12656-2816x2112.jpeg": Object {
          "id": "6abcc50e-422e-4802-9b14-84fcdd08f591",
        },
        "PIXNIO-12662-2816x2112.jpeg": Object {
          "id": "e488d7e0-773f-4218-b893-2d0d164cce18",
        },
        "PIXNIO-12700-2816x2112.jpeg": Object {
          "id": "dd1a14b9-f564-4c2c-8330-df29cd78ac45",
        },
        "bea0b059-413d-42a8-a7ad-62d0f252b596": Object {
          "id": "bea0b059-413d-42a8-a7ad-62d0f252b596",
        },
      },
      "modified": "2020-05-17T16:04:03.620Z",
      "text": "Jane (person)",
    },
    "506cd9dd-97f4-4b98-9172-87f5c8966ade": Object {
      "created": "2021-07-19T16:47:33.841Z",
      "date": "2012-09-25T10:59:28.000Z",
      "id": "506cd9dd-97f4-4b98-9172-87f5c8966ade",
      "image": "diory-demo-content/Potomac Kayaking Center/PIXNIO-54348-6177x4118.jpeg",
      "latlng": "39.14977588053471, -77.52475284039974",
      "links": Object {
        "PIXNIO-54348-6177x4118.jpeg": Object {
          "id": "cb850aa9-9fa2-433e-bce2-387ed5732901",
        },
        "d031d5a8-0a37-49cb-b800-54e437a7c78e": Object {
          "id": "d031d5a8-0a37-49cb-b800-54e437a7c78e",
        },
        "ef79b80c-e319-4bfb-8faa-ebbc1150f27f": Object {
          "id": "ef79b80c-e319-4bfb-8faa-ebbc1150f27f",
        },
        "f1470597-1a3c-4a76-8546-2c29591a6846": Object {
          "id": "f1470597-1a3c-4a76-8546-2c29591a6846",
        },
      },
      "modified": "2021-07-19T16:51:50.125Z",
      "text": "Potomac Kayaking Center (place)",
    },
    "5456c2c3-4a69-4d80-bd2f-caa9945cff71": Object {
      "created": "2020-07-05T09:39:40.000Z",
      "data": Array [
        Object {
          "@context": "https://schema.org",
          "@type": "VideoObject",
          "contentUrl": "diory-demo-content/Generic content/some-video.mov",
          "encodingFormat": "video/mp4",
        },
      ],
      "id": "5456c2c3-4a69-4d80-bd2f-caa9945cff71",
      "image": "data:image/png;base64,iVBORw0KGgoAAAANSUhEUgAAAAEAAAABCAYAAAAfFcSJAAAADUlEQVR42mP8c43hPwAHewLTbrmJlAAAAABJRU5ErkJggg==",
      "modified": "2020-07-05T09:39:40.000Z",
      "text": "some-video.mov",
    },
    "5c58666b-a7ad-4011-aa9d-d0c2be9a26c7": Object {
      "created": "2016-06-04T10:32:12Z",
      "data": Array [
        Object {
          "@context": "https://schema.org",
          "@type": "ImageObject",
          "contentUrl": "diory-demo-content/Scouts BSA International/PIXNIO-53551-1782x1188.jpeg",
          "encodingFormat": "image/jpeg",
          "height": 1188,
          "width": 1782,
        },
      ],
      "date": "2013-06-26T01:31:59.000Z",
      "id": "5c58666b-a7ad-4011-aa9d-d0c2be9a26c7",
      "image": "diory-demo-content/Scouts BSA International/PIXNIO-53551-1782x1188.jpeg",
      "modified": "2021-02-25T12:27:27.739Z",
    },
    "5c63b738-2bc0-449c-80a8-be04dfe1e8b4": Object {
      "created": "2016-06-04T10:32:12Z",
      "data": Array [
        Object {
          "@context": "https://schema.org",
          "@type": "ImageObject",
          "contentUrl": "diory-demo-content/Mary/PIXNIO-53747-4118x3088.jpeg",
          "encodingFormat": "image/jpeg",
          "height": 3088,
          "width": 4118,
        },
      ],
      "date": "2016-06-11T09:21:43.000Z",
      "id": "5c63b738-2bc0-449c-80a8-be04dfe1e8b4",
      "image": "diory-demo-content/Mary/PIXNIO-53747-4118x3088.jpeg",
      "modified": "2021-02-25T12:27:27.500Z",
    },
    "640518ab-fd17-4b22-9fae-ed4a0384d12f": Object {
      "created": "2016-06-04T10:32:12Z",
      "data": Array [
        Object {
          "@context": "https://schema.org",
          "@type": "ImageObject",
          "contentUrl": "diory-demo-content/Scouts BSA International/PIXNIO-53549-1782x1188.jpeg",
          "encodingFormat": "image/jpeg",
          "height": 1188,
          "width": 1782,
        },
      ],
      "date": "2013-06-26T01:26:12.000Z",
      "id": "640518ab-fd17-4b22-9fae-ed4a0384d12f",
      "image": "diory-demo-content/Scouts BSA International/PIXNIO-53549-1782x1188.jpeg",
      "modified": "2021-02-25T12:27:27.724Z",
    },
    "6abcc50e-422e-4802-9b14-84fcdd08f591": Object {
      "created": "2021-02-25T12:27:27.226Z",
      "data": Array [
        Object {
          "@context": "https://schema.org",
          "@type": "ImageObject",
          "contentUrl": "diory-demo-content/Jane/PIXNIO-12656-2816x2112.jpeg",
          "encodingFormat": "image/jpeg",
          "height": 2112,
          "width": 2816,
        },
      ],
      "id": "6abcc50e-422e-4802-9b14-84fcdd08f591",
      "image": "diory-demo-content/Jane/PIXNIO-12656-2816x2112.jpeg",
      "modified": "2021-02-25T12:27:27.436Z",
    },
    "78661050-900d-4e87-84e2-a5262fca6770": Object {
      "created": "2016-06-04T10:32:12Z",
      "data": Array [
        Object {
          "@context": "https://schema.org",
          "@type": "ImageObject",
          "contentUrl": "diory-demo-content/Mary/PIXNIO-53799-6177x4118.jpeg",
          "encodingFormat": "image/jpeg",
          "height": 4118,
          "width": 6177,
        },
      ],
      "date": "2014-06-03T11:54:35.000Z",
      "id": "78661050-900d-4e87-84e2-a5262fca6770",
      "image": "diory-demo-content/Mary/PIXNIO-53799-6177x4118.jpeg",
      "modified": "2021-02-25T12:27:27.561Z",
    },
    "7f2ca0f2-ff5d-40c2-90bf-c3d1ff5818bf": Object {
      "created": "2016-06-04T10:32:12Z",
      "data": Array [
        Object {
          "@context": "https://schema.org",
          "@type": "ImageObject",
          "contentUrl": "diory-demo-content/Scouts BSA International/PIXNIO-53555-1782x1188.jpeg",
          "encodingFormat": "image/jpeg",
          "height": 1188,
          "width": 1782,
        },
      ],
      "date": "2013-06-26T13:02:31.000Z",
      "id": "7f2ca0f2-ff5d-40c2-90bf-c3d1ff5818bf",
      "image": "diory-demo-content/Scouts BSA International/PIXNIO-53555-1782x1188.jpeg",
      "modified": "2021-02-25T12:27:27.769Z",
    },
    "b49d6daf-687f-4c1d-ad0a-fb74c33ce323": Object {
      "created": "2016-06-04T10:32:12Z",
      "data": Array [
        Object {
          "@context": "https://schema.org",
          "@type": "ImageObject",
          "contentUrl": "diory-demo-content/Mary/PIXNIO-53789-4118x6177.jpeg",
          "encodingFormat": "image/jpeg",
          "height": 6177,
          "width": 4118,
        },
      ],
      "date": "2014-06-03T12:07:11.000Z",
      "id": "b49d6daf-687f-4c1d-ad0a-fb74c33ce323",
      "image": "diory-demo-content/Mary/PIXNIO-53789-4118x6177.jpeg",
      "modified": "2021-02-25T12:27:27.531Z",
    },
    "b6c38977-1ed5-4ecb-928f-5bd1ab7e8a77": Object {
      "created": "2016-06-04T10:32:12Z",
      "data": Array [
        Object {
          "@context": "https://schema.org",
          "@type": "ImageObject",
          "contentUrl": "diory-demo-content/Adamstown Middle School/PIXNIO-54298-5970x3980.jpeg",
          "encodingFormat": "image/jpeg",
          "height": 3980,
          "width": 5970,
        },
      ],
      "date": "2012-06-25T14:27:29.000Z",
      "id": "b6c38977-1ed5-4ecb-928f-5bd1ab7e8a77",
      "image": "diory-demo-content/Adamstown Middle School/PIXNIO-54298-5970x3980.jpeg",
      "modified": "2021-02-25T12:27:27.829Z",
    },
    "bea0b059-413d-42a8-a7ad-62d0f252b596": Object {
      "created": "2016-06-04T10:32:12Z",
      "data": Array [
        Object {
          "@context": "https://schema.org",
          "@type": "ImageObject",
          "contentUrl": "diory-demo-content/Scouts BSA International/PIXNIO-53543-1782x1188.jpeg",
          "encodingFormat": "image/jpeg",
          "height": 1188,
          "width": 1782,
        },
      ],
      "date": "2013-06-25T23:11:09.000Z",
      "id": "bea0b059-413d-42a8-a7ad-62d0f252b596",
      "image": "diory-demo-content/Scouts BSA International/PIXNIO-53543-1782x1188.jpeg",
      "latlng": "39.16727289119642, -77.51675583422184",
      "modified": "2021-02-25T12:27:27.716Z",
    },
    "c54bb7c6-a01d-422b-bfa7-e6a6c05acc5f": Object {
      "created": "2016-06-04T10:32:12Z",
      "data": Array [
        Object {
          "@context": "https://schema.org",
          "@type": "ImageObject",
          "contentUrl": "diory-demo-content/Adamstown Middle School/PIXNIO-54360-6177x4118.jpeg",
          "encodingFormat": "image/jpeg",
          "height": 4118,
          "width": 6177,
        },
      ],
      "date": "2012-06-25T02:19:41.000Z",
      "id": "c54bb7c6-a01d-422b-bfa7-e6a6c05acc5f",
      "image": "diory-demo-content/Adamstown Middle School/PIXNIO-54360-6177x4118.jpeg",
      "modified": "2021-02-25T12:27:27.987Z",
    },
    "c60c4384-6cb1-4569-b6f8-d6ece4dd75e0": Object {
      "created": "2016-06-04T10:32:12Z",
      "data": Array [
        Object {
          "@context": "https://schema.org",
          "@type": "ImageObject",
          "contentUrl": "diory-demo-content/Riverfest 2014/PIXNIO-53350-6177x4118.jpeg",
          "encodingFormat": "image/jpeg",
          "height": 4118,
          "width": 6177,
        },
      ],
      "date": "2014-09-20T17:44:52.000Z",
      "id": "c60c4384-6cb1-4569-b6f8-d6ece4dd75e0",
      "image": "diory-demo-content/Riverfest 2014/PIXNIO-53350-6177x4118.jpeg",
      "latlng": "39.15576694462126, -77.51852173358203",
      "modified": "2021-02-25T12:27:27.626Z",
    },
    "cb850aa9-9fa2-433e-bce2-387ed5732901": Object {
      "created": "2016-06-04T10:32:12Z",
      "data": Array [
        Object {
          "@context": "https://schema.org",
          "@type": "ImageObject",
          "contentUrl": "diory-demo-content/Potomac Kayaking Center/PIXNIO-54348-6177x4118.jpeg",
          "encodingFormat": "image/jpeg",
          "height": 4118,
          "width": 6177,
        },
      ],
      "date": "2012-09-25T10:59:28.000Z",
      "id": "cb850aa9-9fa2-433e-bce2-387ed5732901",
      "image": "diory-demo-content/Potomac Kayaking Center/PIXNIO-54348-6177x4118.jpeg",
      "modified": "2021-02-25T12:27:27.899Z",
    },
    "d031d5a8-0a37-49cb-b800-54e437a7c78e": Object {
      "created": "2021-07-19T16:43:54.533Z",
      "date": "2014-09-20T17:44:52.000Z",
      "id": "d031d5a8-0a37-49cb-b800-54e437a7c78e",
      "image": "diory-demo-content/Riverfest 2014/PIXNIO-53350-6177x4118.jpeg",
      "links": Object {
        "PIXNIO-53350-6177x4118.jpeg": Object {
          "id": "c60c4384-6cb1-4569-b6f8-d6ece4dd75e0",
        },
      },
      "modified": "2021-07-19T16:49:35.126Z",
      "text": "Riverfest 2014 (event)",
    },
    "dd1a14b9-f564-4c2c-8330-df29cd78ac45": Object {
      "created": "2021-02-25T12:27:27.474Z",
      "data": Array [
        Object {
          "@context": "https://schema.org",
          "@type": "ImageObject",
          "contentUrl": "diory-demo-content/Jane/PIXNIO-12700-2816x2112.jpeg",
          "encodingFormat": "image/jpeg",
          "height": 2112,
          "width": 2816,
        },
      ],
      "id": "dd1a14b9-f564-4c2c-8330-df29cd78ac45",
      "image": "diory-demo-content/Jane/PIXNIO-12700-2816x2112.jpeg",
      "modified": "2021-02-25T12:27:27.483Z",
    },
    "diory-demo-content": Object {
      "id": "diory-demo-content",
      "image": "diory-demo-content/demo-content.png",
      "links": Object {
        "Adamstown Middle School": Object {
          "id": "ef79b80c-e319-4bfb-8faa-ebbc1150f27f",
        },
        "Generic content": Object {
          "id": "generic-content",
        },
        "Jane": Object {
          "id": "3e2ddc49-b3b6-4212-8a0a-80b9150a57ae",
        },
        "Mary": Object {
          "id": "e07c2f1d-5f5a-488a-a505-34f7b9f55105",
        },
        "Potomac Kayaking Center": Object {
          "id": "506cd9dd-97f4-4b98-9172-87f5c8966ade",
        },
        "Riverfest 2014": Object {
          "id": "d031d5a8-0a37-49cb-b800-54e437a7c78e",
        },
        "Scouts BSA International": Object {
          "id": "f1470597-1a3c-4a76-8546-2c29591a6846",
        },
        "map-content": Object {
          "id": "map-content",
        },
      },
      "modified": "2020-01-03T14:03:04.751Z",
      "text": "Diory demo content",
    },
    "diory1": Object {
      "id": "diory1",
      "image": "data:image/png;base64,iVBORw0KGgoAAAANSUhEUgAAAAEAAAABCAYAAAAfFcSJAAAADUlEQVR42mOcfdT2PwAGPgKeWQwJuAAAAABJRU5ErkJggg==",
      "links": Object {
        "link11": Object {
          "id": "diory11",
        },
        "link12": Object {
          "id": "diory12",
        },
        "link13": Object {
          "id": "diory13",
        },
        "link14": Object {
          "id": "diory14",
        },
      },
      "text": "Diory 1",
    },
    "diory11": Object {
      "id": "diory11",
      "image": "",
      "links": Object {
        "link11-to-self": Object {
          "id": "diory11",
        },
      },
      "text": "Diory 11",
    },
    "diory12": Object {
      "id": "diory12",
      "image": "data:image/png;base64,iVBORw0KGgoAAAANSUhEUgAAAAEAAAABCAYAAAAfFcSJAAAADUlEQVR42mP8c43hPwAHewLTbrmJlAAAAABJRU5ErkJggg==",
      "text": "Diory 12",
    },
    "diory13": Object {
      "id": "diory13",
      "image": "data:image/png;base64,iVBORw0KGgoAAAANSUhEUgAAAAEAAAABCAYAAAAfFcSJAAAADUlEQVR42mOMPvD6PwAGiwMHcHyXEAAAAABJRU5ErkJggg==",
      "text": "Diory 13",
    },
    "diory14": Object {
      "id": "diory14",
      "image": "data:image/png;base64,iVBORw0KGgoAAAANSUhEUgAAAAEAAAABCAYAAAAfFcSJAAAADUlEQVR42mN8GmnyHwAGEAJzBJT/2AAAAABJRU5ErkJggg==",
      "text": "Diory 14",
    },
    "e07c2f1d-5f5a-488a-a505-34f7b9f55105": Object {
      "created": "2020-05-17T16:03:44.704Z",
      "id": "e07c2f1d-5f5a-488a-a505-34f7b9f55105",
      "image": "diory-demo-content/Mary/PIXNIO-53747-4118x3088.jpeg",
      "links": Object {
        "PIXNIO-53543-1782x1188.jpeg": Object {
          "id": "bea0b059-413d-42a8-a7ad-62d0f252b596",
        },
        "PIXNIO-53747-4118x3088.jpeg": Object {
          "id": "5c63b738-2bc0-449c-80a8-be04dfe1e8b4",
        },
        "PIXNIO-53789-4118x6177.jpeg": Object {
          "id": "b49d6daf-687f-4c1d-ad0a-fb74c33ce323",
        },
        "PIXNIO-53799-6177x4118.jpeg": Object {
          "id": "78661050-900d-4e87-84e2-a5262fca6770",
        },
        "f1470597-1a3c-4a76-8546-2c29591a6846": Object {
          "id": "f1470597-1a3c-4a76-8546-2c29591a6846",
        },
      },
      "modified": "2020-05-17T16:03:58.614Z",
      "text": "Mary (person)",
    },
    "e32df400-8d33-41bd-b3b3-8113564a43f2": Object {
      "created": "2016-06-04T10:32:12Z",
      "data": Array [
        Object {
          "@context": "https://schema.org",
          "@type": "ImageObject",
          "contentUrl": "diory-demo-content/Scouts BSA International/PIXNIO-53553-1782x1188.jpeg",
          "encodingFormat": "image/jpeg",
          "height": 1188,
          "width": 1782,
        },
      ],
      "date": "2013-06-26T13:40:22.000Z",
      "id": "e32df400-8d33-41bd-b3b3-8113564a43f2",
      "image": "diory-demo-content/Scouts BSA International/PIXNIO-53553-1782x1188.jpeg",
      "modified": "2021-02-25T12:27:27.752Z",
    },
    "e488d7e0-773f-4218-b893-2d0d164cce18": Object {
      "created": "2021-02-25T12:27:27.441Z",
      "data": Array [
        Object {
          "@context": "https://schema.org",
          "@type": "ImageObject",
          "contentUrl": "diory-demo-content/Jane/PIXNIO-12662-2816x2112.jpeg",
          "encodingFormat": "image/jpeg",
          "height": 2112,
          "width": 2816,
        },
      ],
      "id": "e488d7e0-773f-4218-b893-2d0d164cce18",
      "image": "diory-demo-content/Jane/PIXNIO-12662-2816x2112.jpeg",
      "modified": "2021-02-25T12:27:27.467Z",
    },
    "ef79b80c-e319-4bfb-8faa-ebbc1150f27f": Object {
      "created": "2021-07-19T16:44:13.940Z",
      "date": "2012-06-25T08:23:35.000Z",
      "id": "ef79b80c-e319-4bfb-8faa-ebbc1150f27f",
      "image": "diory-demo-content/Adamstown Middle School/PIXNIO-54298-5970x3980.jpeg",
      "links": Object {
        "PIXNIO-54298-5970x3980.jpeg": Object {
          "id": "b6c38977-1ed5-4ecb-928f-5bd1ab7e8a77",
        },
        "PIXNIO-54360-6177x4118.jpeg": Object {
          "id": "c54bb7c6-a01d-422b-bfa7-e6a6c05acc5f",
        },
      },
      "modified": "2021-07-19T16:51:40.024Z",
      "text": "Adamstown Middle School (event)",
    },
    "f1470597-1a3c-4a76-8546-2c29591a6846": Object {
      "created": "2020-04-19T18:47:25.152Z",
      "date": "2013-06-25T09:21:43.000Z",
      "id": "f1470597-1a3c-4a76-8546-2c29591a6846",
      "image": "diory-demo-content/Scouts BSA International/PIXNIO-54454-6138x4092.jpeg",
      "links": Object {
        "PIXNIO-53541-1782x1188.jpeg": Object {
          "id": "103f852d-4a2a-44de-8f4f-08ccddc3d280",
        },
        "PIXNIO-53543-1782x1188.jpeg": Object {
          "id": "bea0b059-413d-42a8-a7ad-62d0f252b596",
        },
        "PIXNIO-53549-1782x1188.jpeg": Object {
          "id": "640518ab-fd17-4b22-9fae-ed4a0384d12f",
        },
        "PIXNIO-53551-1782x1188.jpeg": Object {
          "id": "5c58666b-a7ad-4011-aa9d-d0c2be9a26c7",
        },
        "PIXNIO-53553-1782x1188.jpeg": Object {
          "id": "e32df400-8d33-41bd-b3b3-8113564a43f2",
        },
        "PIXNIO-53555-1782x1188.jpeg": Object {
          "id": "7f2ca0f2-ff5d-40c2-90bf-c3d1ff5818bf",
        },
        "PIXNIO-54454-6138x4092.jpeg": Object {
          "id": "3cc529e5-7d52-4519-83fb-9d0c1aff76e4",
        },
      },
      "modified": "2020-05-17T16:43:15.089Z",
      "text": "Scouts BSA International (event)",
    },
    "frenkell": Object {
      "id": "frenkell",
      "image": "https://upload.wikimedia.org/wikipedia/commons/c/c0/Frenckell_factory1.jpg",
      "latlng": "61.50011150135485, 23.763899803161625",
      "modified": "2020-01-03T21:44:56.115Z",
      "text": "Frenkell",
    },
    "generic-content": Object {
      "id": "generic-content",
      "image": "data:image/png;base64,iVBORw0KGgoAAAANSUhEUgAAAAEAAAABCAYAAAAfFcSJAAAADUlEQVR42mN8GmnyHwAGEAJzBJT/2AAAAABJRU5ErkJggg==",
      "links": Object {
        "diory1": Object {
          "id": "diory1",
        },
        "some-audio.m4a": Object {
          "id": "32df7219-a33c-4bc9-bdc0-f24470292871",
        },
        "some-document.odt": Object {
          "id": "some-document-odt",
        },
        "some-document.pdf": Object {
          "id": "some-document-pdf",
        },
        "some-image.jpeg": Object {
          "id": "some-image",
        },
        "some-video.mov": Object {
          "id": "5456c2c3-4a69-4d80-bd2f-caa9945cff71",
        },
        "some-website": Object {
          "id": "some-website",
        },
      },
      "text": "Generic content",
    },
    "hameenkatu": Object {
      "id": "hameenkatu",
      "image": "https://upload.wikimedia.org/wikipedia/commons/b/b5/Tampere_Hameenkatu.png",
      "latlng": "61.49785379059735, 23.762902021408085",
      "modified": "2020-01-03T21:44:58.285Z",
      "text": "Hämeenkatu",
    },
    "helvetinjärvi": Object {
      "id": "helvetinjärvi",
      "image": "https://lh3.ggpht.com/p/AF1QipPeoo0jUW9dEDIbO_xjN1Knn8ZNbE8x84ea9f-1=s1536",
      "latlng": "62, 24",
      "text": "Helvetinjärven kansallispuisto",
    },
    "keskustori": Object {
      "id": "keskustori",
      "image": "https://upload.wikimedia.org/wikipedia/commons/thumb/b/b5/Tampere_-_Keskustori.jpg/800px-Tampere_-_Keskustori.jpg",
      "latlng": "61.49768995940461, 23.760348558425907",
      "modified": "2020-01-03T21:45:00.791Z",
      "text": "Keskustori",
    },
    "map-content": Object {
      "id": "map-content",
      "image": "https://www.publicdomainpictures.net/pictures/190000/velka/travel-background-1469438300Bbk.jpg",
      "links": Object {
        "helvetinjärvi": Object {
          "id": "helvetinjärvi",
        },
        "tampere": Object {
          "id": "tampere",
        },
      },
      "text": "Map content",
    },
    "some-document-odt": Object {
      "created": "2021-04-15T10:32:20.565Z",
      "data": Array [
        Object {
          "@context": "https://schema.org",
          "@type": "DigitalDocument",
          "contentUrl": "diory-demo-content/Generic content/some-document.odt",
          "encodingFormat": "application/vnd.oasis.opendocument.text",
        },
      ],
      "id": "some-document-odt",
      "image": "data:image/png;base64,iVBORw0KGgoAAAANSUhEUgAAAAEAAAABCAYAAAAfFcSJAAAADUlEQVR42mOMPvD6PwAGiwMHcHyXEAAAAABJRU5ErkJggg==",
      "modified": "2021-04-15T10:32:20.565Z",
      "text": "some-document.odt",
    },
    "some-document-pdf": Object {
      "created": "2021-04-15T10:32:20.565Z",
      "data": Array [
        Object {
          "@context": "https://schema.org",
          "@type": "DigitalDocument",
          "contentUrl": "diory-demo-content/Generic content/some-document.pdf",
          "encodingFormat": "application/pdf",
        },
      ],
      "id": "some-document-pdf",
      "image": "data:image/png;base64,iVBORw0KGgoAAAANSUhEUgAAAAEAAAABCAYAAAAfFcSJAAAADUlEQVR42mP8c43hPwAHewLTbrmJlAAAAABJRU5ErkJggg==",
      "modified": "2021-04-15T10:32:20.565Z",
      "text": "some-document.pdf",
    },
    "some-image": Object {
      "created": "2021-04-15T10:32:20.565Z",
      "data": Array [
        Object {
          "@context": "https://schema.org",
          "@type": "ImageObject",
          "contentUrl": "diory-demo-content/Generic content/some-image.jpeg",
          "encodingFormat": "image/jpeg",
        },
      ],
      "id": "some-image",
      "image": "diory-demo-content/Generic content/some-image.jpeg",
      "modified": "2021-04-15T10:32:20.565Z",
      "text": "some-image",
    },
    "some-website": Object {
      "data": Array [
        Object {
          "url": "https://hs.fi",
        },
      ],
      "id": "some-website",
      "image": "data:image/png;base64,iVBORw0KGgoAAAANSUhEUgAAAAEAAAABCAYAAAAfFcSJAAAADUlEQVR42mN8GmnyHwAGEAJzBJT/2AAAAABJRU5ErkJggg==",
      "text": "A good website",
    },
    "tampere": Object {
      "id": "tampere",
      "image": "https://upload.wikimedia.org/wikipedia/commons/2/21/Downtown_Tampere4.jpg",
      "latlng": "61.49960404266185, 23.762183189392093",
      "links": Object {
        "link1": Object {
          "id": "keskustori",
        },
        "link2": Object {
          "id": "frenkell",
        },
        "link3": Object {
          "id": "hameenkatu",
        },
      },
      "modified": "2020-01-03T21:44:25.345Z",
      "text": "Tampere",
    },
  },
  "rootId": "diory-demo-content",
}
`;

exports[`importFolder snapshot spec folder without diograph.json returns imported folder diograph 1`] = `
Object {
  "diograph": Object {
    "uuid-0": Object {
      "created": "some-created",
      "data": Array [
        Object {
          "@context": "https://schema.org",
          "@type": "VideoObject",
          "contentUrl": "example-folder/some-video.mp4",
          "duration": "00:00:16.94",
          "encodingFormat": "video/x-m4v",
        },
      ],
      "date": "2021-04-07T12:13:54.000000Z",
      "id": "uuid-0",
      "image": "images/uuid-0.jpg",
      "modified": "some-modified",
      "text": "some-video.mp4",
    },
    "uuid-1": Object {
      "created": "some-created",
      "data": Array [
        Object {
          "@context": "https://schema.org",
          "@type": "DigitalDocument",
          "contentUrl": "example-folder/some-document.pdf",
          "encodingFormat": "application/pdf",
        },
      ],
      "id": "uuid-1",
      "image": "some-default-image",
      "modified": "some-modified",
      "text": "some-document.pdf",
    },
    "uuid-10": Object {
      "created": "some-created",
      "date": "2012-05-25T06:10:32.666Z",
      "id": "uuid-10",
      "image": "example-folder/image-with-24-hour.jpg",
      "latlng": "51.735696851851856, 12.688426296296297",
      "links": Object {
        "image-with-24-hour.jpg": Object {
          "id": "uuid-4",
        },
        "some-document.docx": Object {
          "id": "uuid-7",
        },
        "some-document.odt": Object {
          "id": "uuid-3",
        },
        "some-document.pdf": Object {
          "id": "uuid-1",
        },
        "some-folder": Object {
          "id": "uuid-9",
        },
        "some-image.jpg": Object {
          "id": "uuid-5",
        },
        "some-music.mp3": Object {
          "id": "uuid-6",
        },
        "some-text.txt": Object {
          "id": "uuid-2",
        },
        "some-video.mp4": Object {
          "id": "uuid-0",
        },
      },
      "modified": "some-modified",
      "text": "example-folder",
    },
    "uuid-2": Object {
      "created": "some-created",
      "data": Array [
        Object {
          "@context": "https://schema.org",
          "@type": "DigitalDocument",
          "contentUrl": "example-folder/some-text.txt",
        },
      ],
      "id": "uuid-2",
      "image": "some-default-image",
      "modified": "some-modified",
      "text": "some-text.txt",
    },
    "uuid-3": Object {
      "created": "some-created",
      "data": Array [
        Object {
          "@context": "https://schema.org",
          "@type": "DigitalDocument",
          "contentUrl": "example-folder/some-document.odt",
          "encodingFormat": "application/vnd.oasis.opendocument.text",
        },
      ],
      "id": "uuid-3",
      "image": "some-default-image",
      "modified": "some-modified",
      "text": "some-document.odt",
    },
    "uuid-4": Object {
      "created": "some-created",
      "data": Array [
        Object {
          "@context": "https://schema.org",
          "@type": "ImageObject",
          "contentUrl": "example-folder/image-with-24-hour.jpg",
          "encodingFormat": "image/jpeg",
          "height": 3000,
          "width": 4000,
        },
      ],
      "date": "2019-07-09T00:01:16.000Z",
      "id": "uuid-4",
      "image": "images/uuid-4.jpg",
      "latlng": "68.27818055555555, 14.302322222222223",
      "modified": "some-modified",
    },
    "uuid-5": Object {
      "created": "some-created",
      "data": Array [
        Object {
          "@context": "https://schema.org",
          "@type": "ImageObject",
          "contentUrl": "example-folder/some-image.jpg",
          "encodingFormat": "image/jpeg",
          "height": 480,
          "width": 640,
        },
      ],
      "date": "2008-11-01T21:15:11.000Z",
      "id": "uuid-5",
      "image": "images/uuid-5.jpg",
      "latlng": "43.464455, 11.881478333333334",
      "modified": "some-modified",
    },
    "uuid-6": Object {
      "created": "some-created",
      "data": Array [
        Object {
          "@context": "https://schema.org",
          "@type": "AudioObject",
          "contentUrl": "example-folder/some-music.mp3",
          "encodingFormat": "audio/mpeg",
        },
      ],
      "id": "uuid-6",
      "image": "some-default-image",
      "modified": "some-modified",
      "text": "some-music.mp3",
    },
    "uuid-7": Object {
      "created": "some-created",
      "data": Array [
        Object {
          "@context": "https://schema.org",
          "@type": "DigitalDocument",
          "contentUrl": "example-folder/some-document.docx",
          "encodingFormat": "application/vnd.openxmlformats-officedocument.wordprocessingml.document",
        },
      ],
      "id": "uuid-7",
      "image": "some-default-image",
      "modified": "some-modified",
      "text": "some-document.docx",
    },
    "uuid-8": Object {
      "created": "some-created",
      "data": Array [
        Object {
          "@context": "https://schema.org",
          "@type": "ImageObject",
          "contentUrl": "example-folder/some-folder/some-folder-image.jpg",
          "encodingFormat": "image/jpeg",
          "height": 480,
          "width": 640,
        },
      ],
      "date": "2008-11-01T21:15:11.000Z",
      "id": "uuid-8",
      "image": "images/uuid-8.jpg",
      "latlng": "43.464455, 11.881478333333334",
      "modified": "some-modified",
    },
    "uuid-9": Object {
      "created": "some-created",
      "date": "2008-11-01T21:15:11.000Z",
      "id": "uuid-9",
      "image": "example-folder/some-folder/some-folder-image.jpg",
      "latlng": "43.464455, 11.881478333333334",
      "links": Object {
        "some-folder-image.jpg": Object {
          "id": "uuid-8",
        },
      },
      "modified": "some-modified",
      "text": "some-folder",
    },
  },
  "rootId": "uuid-10",
}
`;
